Archive member included because of file (symbol)

c:/winavr-20100110/bin/../lib/gcc/avr/4.3.3/avr5\libgcc.a(_exit.o)
                              c:/winavr-20100110/bin/../lib/gcc/avr/4.3.3/../../../../avr/lib/avr5/crtm328.o (exit)
c:/winavr-20100110/bin/../lib/gcc/avr/4.3.3/avr5\libgcc.a(_clear_bss.o)
                              obj\Debug\main.o (__do_clear_bss)

Memory Configuration

Name             Origin             Length             Attributes
text             0x00000000         0x00020000         xr
data             0x00800060         0x0000ffa0         rw !x
eeprom           0x00810000         0x00010000         rw !x
fuse             0x00820000         0x00000400         rw !x
lock             0x00830000         0x00000400         rw !x
signature        0x00840000         0x00000400         rw !x
*default*        0x00000000         0xffffffff

Linker script and memory map

Address of section .data set to 0x800100
LOAD c:/winavr-20100110/bin/../lib/gcc/avr/4.3.3/../../../../avr/lib/avr5/crtm328.o
LOAD obj\Debug\Act1Initialcheck.o
LOAD obj\Debug\Act2TemperatureSensor.o
LOAD obj\Debug\Act3PWMoutput.o
LOAD obj\Debug\Act4USARTdata.o
LOAD obj\Debug\fuse.o
LOAD obj\Debug\main.o
LOAD c:/winavr-20100110/bin/../lib/gcc/avr/4.3.3/avr5\libgcc.a
LOAD C:\WinAVR-20100110\avr\lib\libc.a
LOAD c:/winavr-20100110/bin/../lib/gcc/avr/4.3.3/avr5\libgcc.a

.hash
 *(.hash)

.dynsym
 *(.dynsym)

.dynstr
 *(.dynstr)

.gnu.version
 *(.gnu.version)

.gnu.version_d
 *(.gnu.version_d)

.gnu.version_r
 *(.gnu.version_r)

.rel.init
 *(.rel.init)

.rela.init
 *(.rela.init)

.rel.text
 *(.rel.text)
 *(.rel.text.*)
 *(.rel.gnu.linkonce.t*)

.rela.text
 *(.rela.text)
 *(.rela.text.*)
 *(.rela.gnu.linkonce.t*)

.rel.fini
 *(.rel.fini)

.rela.fini
 *(.rela.fini)

.rel.rodata
 *(.rel.rodata)
 *(.rel.rodata.*)
 *(.rel.gnu.linkonce.r*)

.rela.rodata
 *(.rela.rodata)
 *(.rela.rodata.*)
 *(.rela.gnu.linkonce.r*)

.rel.data
 *(.rel.data)
 *(.rel.data.*)
 *(.rel.gnu.linkonce.d*)

.rela.data
 *(.rela.data)
 *(.rela.data.*)
 *(.rela.gnu.linkonce.d*)

.rel.ctors
 *(.rel.ctors)

.rela.ctors
 *(.rela.ctors)

.rel.dtors
 *(.rel.dtors)

.rela.dtors
 *(.rela.dtors)

.rel.got
 *(.rel.got)

.rela.got
 *(.rela.got)

.rel.bss
 *(.rel.bss)

.rela.bss
 *(.rela.bss)

.rel.plt
 *(.rel.plt)

.rela.plt
 *(.rela.plt)

.text           0x00000000      0x430
 *(.vectors)
 .vectors       0x00000000       0x68 c:/winavr-20100110/bin/../lib/gcc/avr/4.3.3/../../../../avr/lib/avr5/crtm328.o
                0x00000000                __vectors
                0x00000000                __vector_default
 *(.vectors)
 *(.progmem.gcc*)
 *(.progmem*)
                0x00000068                . = ALIGN (0x2)
                0x00000068                __trampolines_start = .
 *(.trampolines)
 .trampolines   0x00000068        0x0 linker stubs
 *(.trampolines*)
                0x00000068                __trampolines_end = .
 *(.jumptables)
 *(.jumptables*)
 *(.lowtext)
 *(.lowtext*)
                0x00000068                __ctors_start = .
 *(.ctors)
                0x00000068                __ctors_end = .
                0x00000068                __dtors_start = .
 *(.dtors)
                0x00000068                __dtors_end = .
 SORT(*)(.ctors)
 SORT(*)(.dtors)
 *(.init0)
 .init0         0x00000068        0x0 c:/winavr-20100110/bin/../lib/gcc/avr/4.3.3/../../../../avr/lib/avr5/crtm328.o
                0x00000068                __init
 *(.init0)
 *(.init1)
 *(.init1)
 *(.init2)
 .init2         0x00000068        0xc c:/winavr-20100110/bin/../lib/gcc/avr/4.3.3/../../../../avr/lib/avr5/crtm328.o
 *(.init2)
 *(.init3)
 *(.init3)
 *(.init4)
 .init4         0x00000074       0x10 c:/winavr-20100110/bin/../lib/gcc/avr/4.3.3/avr5\libgcc.a(_clear_bss.o)
                0x00000074                __do_clear_bss
 *(.init4)
 *(.init5)
 *(.init5)
 *(.init6)
 *(.init6)
 *(.init7)
 *(.init7)
 *(.init8)
 *(.init8)
 *(.init9)
 .init9         0x00000084        0x8 c:/winavr-20100110/bin/../lib/gcc/avr/4.3.3/../../../../avr/lib/avr5/crtm328.o
 *(.init9)
 *(.text)
 .text          0x0000008c        0x4 c:/winavr-20100110/bin/../lib/gcc/avr/4.3.3/../../../../avr/lib/avr5/crtm328.o
                0x0000008c                __vector_22
                0x0000008c                __vector_1
                0x0000008c                __vector_24
                0x0000008c                __vector_12
                0x0000008c                __bad_interrupt
                0x0000008c                __vector_6
                0x0000008c                __vector_23
                0x0000008c                __vector_25
                0x0000008c                __vector_11
                0x0000008c                __vector_13
                0x0000008c                __vector_17
                0x0000008c                __vector_19
                0x0000008c                __vector_7
                0x0000008c                __vector_5
                0x0000008c                __vector_4
                0x0000008c                __vector_9
                0x0000008c                __vector_2
                0x0000008c                __vector_15
                0x0000008c                __vector_8
                0x0000008c                __vector_14
                0x0000008c                __vector_10
                0x0000008c                __vector_16
                0x0000008c                __vector_18
 .text          0x00000090       0x4e obj\Debug\Act1Initialcheck.o
                0x000000b8                initial_check
                0x000000ac                initialize_port_func1
                0x00000090                intialize_interrupt_func1
 .text          0x000000de       0x4c obj\Debug\Act2TemperatureSensor.o
                0x000000de                initialize_ADC
                0x00000114                get_temperature
 .text          0x0000012a       0x18 obj\Debug\Act3PWMoutput.o
                0x0000012a                initialize_timer1_pwm
 .text          0x00000142      0x18a obj\Debug\Act4USARTdata.o
                0x00000170                Manage_display
                0x00000160                Write_char_usart
                0x00000142                USART_initialization
 .text          0x000002cc        0x0 obj\Debug\fuse.o
 .text          0x000002cc      0x160 obj\Debug\main.o
                0x000002cc                __vector_3
                0x00000332                main
                0x0000034c                __vector_21
                0x0000031e                __vector_20
 .text          0x0000042c        0x0 c:/winavr-20100110/bin/../lib/gcc/avr/4.3.3/avr5\libgcc.a(_exit.o)
 .text          0x0000042c        0x0 c:/winavr-20100110/bin/../lib/gcc/avr/4.3.3/avr5\libgcc.a(_clear_bss.o)
                0x0000042c                . = ALIGN (0x2)
 *(.text.*)
 .text.libgcc   0x0000042c        0x0 c:/winavr-20100110/bin/../lib/gcc/avr/4.3.3/avr5\libgcc.a(_exit.o)
 .text.libgcc   0x0000042c        0x0 c:/winavr-20100110/bin/../lib/gcc/avr/4.3.3/avr5\libgcc.a(_clear_bss.o)
                0x0000042c                . = ALIGN (0x2)
 *(.fini9)
 .fini9         0x0000042c        0x0 c:/winavr-20100110/bin/../lib/gcc/avr/4.3.3/avr5\libgcc.a(_exit.o)
                0x0000042c                exit
                0x0000042c                _exit
 *(.fini9)
 *(.fini8)
 *(.fini8)
 *(.fini7)
 *(.fini7)
 *(.fini6)
 *(.fini6)
 *(.fini5)
 *(.fini5)
 *(.fini4)
 *(.fini4)
 *(.fini3)
 *(.fini3)
 *(.fini2)
 *(.fini2)
 *(.fini1)
 *(.fini1)
 *(.fini0)
 .fini0         0x0000042c        0x4 c:/winavr-20100110/bin/../lib/gcc/avr/4.3.3/avr5\libgcc.a(_exit.o)
 *(.fini0)
                0x00000430                _etext = .

.data           0x00800100        0x0 load address 0x00000430
                0x00800100                PROVIDE (__data_start, .)
 *(.data)
 .data          0x00800100        0x0 c:/winavr-20100110/bin/../lib/gcc/avr/4.3.3/../../../../avr/lib/avr5/crtm328.o
 .data          0x00800100        0x0 obj\Debug\Act1Initialcheck.o
 .data          0x00800100        0x0 obj\Debug\Act2TemperatureSensor.o
 .data          0x00800100        0x0 obj\Debug\Act3PWMoutput.o
 .data          0x00800100        0x0 obj\Debug\Act4USARTdata.o
 .data          0x00800100        0x0 obj\Debug\fuse.o
 .data          0x00800100        0x0 obj\Debug\main.o
 .data          0x00800100        0x0 c:/winavr-20100110/bin/../lib/gcc/avr/4.3.3/avr5\libgcc.a(_exit.o)
 .data          0x00800100        0x0 c:/winavr-20100110/bin/../lib/gcc/avr/4.3.3/avr5\libgcc.a(_clear_bss.o)
 *(.data*)
 *(.rodata)
 *(.rodata*)
 *(.gnu.linkonce.d*)
                0x00800100                . = ALIGN (0x2)
                0x00800100                _edata = .
                0x00800100                PROVIDE (__data_end, .)

.bss            0x00800100        0x2
                0x00800100                PROVIDE (__bss_start, .)
 *(.bss)
 .bss           0x00800100        0x0 c:/winavr-20100110/bin/../lib/gcc/avr/4.3.3/../../../../avr/lib/avr5/crtm328.o
 .bss           0x00800100        0x0 obj\Debug\Act1Initialcheck.o
 .bss           0x00800100        0x0 obj\Debug\Act2TemperatureSensor.o
 .bss           0x00800100        0x0 obj\Debug\Act3PWMoutput.o
 .bss           0x00800100        0x0 obj\Debug\Act4USARTdata.o
 .bss           0x00800100        0x0 obj\Debug\fuse.o
 .bss           0x00800100        0x2 obj\Debug\main.o
                0x00800100                FLAG_1
 .bss           0x00800102        0x0 c:/winavr-20100110/bin/../lib/gcc/avr/4.3.3/avr5\libgcc.a(_exit.o)
 .bss           0x00800102        0x0 c:/winavr-20100110/bin/../lib/gcc/avr/4.3.3/avr5\libgcc.a(_clear_bss.o)
 *(.bss*)
 *(COMMON)
                0x00800102                PROVIDE (__bss_end, .)
                0x00000430                __data_load_start = LOADADDR (.data)
                0x00000430                __data_load_end = (__data_load_start + SIZEOF (.data))

.noinit         0x00800102        0x0
                0x00800102                PROVIDE (__noinit_start, .)
 *(.noinit*)
                0x00800102                PROVIDE (__noinit_end, .)
                0x00800102                _end = .
                0x00800102                PROVIDE (__heap_start, .)

.eeprom         0x00810000        0x0
 *(.eeprom*)
                0x00810000                __eeprom_end = .

.fuse           0x00820000        0x3
 *(.fuse)
 .fuse          0x00820000        0x3 obj\Debug\fuse.o
                0x00820000                __fuse
 *(.lfuse)
 *(.hfuse)
 *(.efuse)

.lock
 *(.lock*)

.signature
 *(.signature*)

.stab
 *(.stab)

.stabstr
 *(.stabstr)

.stab.excl
 *(.stab.excl)

.stab.exclstr
 *(.stab.exclstr)

.stab.index
 *(.stab.index)

.stab.indexstr
 *(.stab.indexstr)

.comment
 *(.comment)

.debug
 *(.debug)

.line
 *(.line)

.debug_srcinfo
 *(.debug_srcinfo)

.debug_sfnames
 *(.debug_sfnames)

.debug_aranges  0x00000000       0xa0
 *(.debug_aranges)
 .debug_aranges
                0x00000000       0x20 obj\Debug\Act1Initialcheck.o
 .debug_aranges
                0x00000020       0x20 obj\Debug\Act2TemperatureSensor.o
 .debug_aranges
                0x00000040       0x20 obj\Debug\Act3PWMoutput.o
 .debug_aranges
                0x00000060       0x20 obj\Debug\Act4USARTdata.o
 .debug_aranges
                0x00000080       0x20 obj\Debug\main.o

.debug_pubnames
                0x00000000      0x186
 *(.debug_pubnames)
 .debug_pubnames
                0x00000000       0x5c obj\Debug\Act1Initialcheck.o
 .debug_pubnames
                0x0000005c       0x39 obj\Debug\Act2TemperatureSensor.o
 .debug_pubnames
                0x00000095       0x2c obj\Debug\Act3PWMoutput.o
 .debug_pubnames
                0x000000c1       0x53 obj\Debug\Act4USARTdata.o
 .debug_pubnames
                0x00000114       0x1d obj\Debug\fuse.o
 .debug_pubnames
                0x00000131       0x55 obj\Debug\main.o

.debug_info     0x00000000      0x72b
 *(.debug_info)
 .debug_info    0x00000000       0xc2 obj\Debug\Act1Initialcheck.o
 .debug_info    0x000000c2       0xb3 obj\Debug\Act2TemperatureSensor.o
 .debug_info    0x00000175       0x71 obj\Debug\Act3PWMoutput.o
 .debug_info    0x000001e6      0x309 obj\Debug\Act4USARTdata.o
 .debug_info    0x000004ef       0xae obj\Debug\fuse.o
 .debug_info    0x0000059d      0x18e obj\Debug\main.o
 *(.gnu.linkonce.wi.*)

.debug_abbrev   0x00000000      0x34a
 *(.debug_abbrev)
 .debug_abbrev  0x00000000       0x68 obj\Debug\Act1Initialcheck.o
 .debug_abbrev  0x00000068       0x72 obj\Debug\Act2TemperatureSensor.o
 .debug_abbrev  0x000000da       0x3d obj\Debug\Act3PWMoutput.o
 .debug_abbrev  0x00000117       0xc9 obj\Debug\Act4USARTdata.o
 .debug_abbrev  0x000001e0       0x73 obj\Debug\fuse.o
 .debug_abbrev  0x00000253       0xf7 obj\Debug\main.o

.debug_line     0x00000000      0x6ed
 *(.debug_line)
 .debug_line    0x00000000      0x106 obj\Debug\Act1Initialcheck.o
 .debug_line    0x00000106       0xe4 obj\Debug\Act2TemperatureSensor.o
 .debug_line    0x000001ea       0x79 obj\Debug\Act3PWMoutput.o
 .debug_line    0x00000263      0x25a obj\Debug\Act4USARTdata.o
 .debug_line    0x000004bd       0x75 obj\Debug\fuse.o
 .debug_line    0x00000532      0x1bb obj\Debug\main.o

.debug_frame    0x00000000      0x120
 *(.debug_frame)
 .debug_frame   0x00000000       0x40 obj\Debug\Act1Initialcheck.o
 .debug_frame   0x00000040       0x30 obj\Debug\Act2TemperatureSensor.o
 .debug_frame   0x00000070       0x20 obj\Debug\Act3PWMoutput.o
 .debug_frame   0x00000090       0x40 obj\Debug\Act4USARTdata.o
 .debug_frame   0x000000d0       0x50 obj\Debug\main.o

.debug_str      0x00000000      0x22d
 *(.debug_str)
 .debug_str     0x00000000       0xc0 obj\Debug\Act1Initialcheck.o
                                 0xf4 (size before relaxing)
 .debug_str     0x000000c0       0x50 obj\Debug\Act2TemperatureSensor.o
                                 0xf3 (size before relaxing)
 .debug_str     0x00000110       0x26 obj\Debug\Act3PWMoutput.o
                                 0xc9 (size before relaxing)
 .debug_str     0x00000136       0x5b obj\Debug\Act4USARTdata.o
                                0x10c (size before relaxing)
 .debug_str     0x00000191       0x25 obj\Debug\fuse.o
                                 0xc8 (size before relaxing)
 .debug_str     0x000001b6       0x77 obj\Debug\main.o
                                0x12a (size before relaxing)

.debug_loc      0x00000000      0x109
 *(.debug_loc)
 .debug_loc     0x00000000       0x13 obj\Debug\Act2TemperatureSensor.o
 .debug_loc     0x00000013       0x5e obj\Debug\Act4USARTdata.o
 .debug_loc     0x00000071       0x98 obj\Debug\main.o

.debug_macinfo
 *(.debug_macinfo)
OUTPUT(bin\Debug\310992_Embedded_Casestudy.elf elf32-avr)
LOAD linker stubs

.debug_ranges   0x00000000       0x20
 .debug_ranges  0x00000000       0x20 obj\Debug\Act4USARTdata.o

Cross Reference Table

Symbol                                            File
FLAG_1                                            obj\Debug\main.o
Manage_display                                    obj\Debug\Act4USARTdata.o
                                                  obj\Debug\main.o
USART_initialization                              obj\Debug\Act4USARTdata.o
Write_char_usart                                  obj\Debug\Act4USARTdata.o
__bad_interrupt                                   c:/winavr-20100110/bin/../lib/gcc/avr/4.3.3/../../../../avr/lib/avr5/crtm328.o
__bss_end                                         c:/winavr-20100110/bin/../lib/gcc/avr/4.3.3/avr5\libgcc.a(_clear_bss.o)
__bss_start                                       c:/winavr-20100110/bin/../lib/gcc/avr/4.3.3/avr5\libgcc.a(_clear_bss.o)
__do_clear_bss                                    c:/winavr-20100110/bin/../lib/gcc/avr/4.3.3/avr5\libgcc.a(_clear_bss.o)
                                                  obj\Debug\main.o
__fuse                                            obj\Debug\fuse.o
__heap_end                                        c:/winavr-20100110/bin/../lib/gcc/avr/4.3.3/../../../../avr/lib/avr5/crtm328.o
__init                                            c:/winavr-20100110/bin/../lib/gcc/avr/4.3.3/../../../../avr/lib/avr5/crtm328.o
__stack                                           c:/winavr-20100110/bin/../lib/gcc/avr/4.3.3/../../../../avr/lib/avr5/crtm328.o
__vector_1                                        c:/winavr-20100110/bin/../lib/gcc/avr/4.3.3/../../../../avr/lib/avr5/crtm328.o
__vector_10                                       c:/winavr-20100110/bin/../lib/gcc/avr/4.3.3/../../../../avr/lib/avr5/crtm328.o
__vector_11                                       c:/winavr-20100110/bin/../lib/gcc/avr/4.3.3/../../../../avr/lib/avr5/crtm328.o
__vector_12                                       c:/winavr-20100110/bin/../lib/gcc/avr/4.3.3/../../../../avr/lib/avr5/crtm328.o
__vector_13                                       c:/winavr-20100110/bin/../lib/gcc/avr/4.3.3/../../../../avr/lib/avr5/crtm328.o
__vector_14                                       c:/winavr-20100110/bin/../lib/gcc/avr/4.3.3/../../../../avr/lib/avr5/crtm328.o
__vector_15                                       c:/winavr-20100110/bin/../lib/gcc/avr/4.3.3/../../../../avr/lib/avr5/crtm328.o
__vector_16                                       c:/winavr-20100110/bin/../lib/gcc/avr/4.3.3/../../../../avr/lib/avr5/crtm328.o
__vector_17                                       c:/winavr-20100110/bin/../lib/gcc/avr/4.3.3/../../../../avr/lib/avr5/crtm328.o
__vector_18                                       c:/winavr-20100110/bin/../lib/gcc/avr/4.3.3/../../../../avr/lib/avr5/crtm328.o
__vector_19                                       c:/winavr-20100110/bin/../lib/gcc/avr/4.3.3/../../../../avr/lib/avr5/crtm328.o
__vector_2                                        c:/winavr-20100110/bin/../lib/gcc/avr/4.3.3/../../../../avr/lib/avr5/crtm328.o
__vector_20                                       obj\Debug\main.o
                                                  c:/winavr-20100110/bin/../lib/gcc/avr/4.3.3/../../../../avr/lib/avr5/crtm328.o
__vector_21                                       obj\Debug\main.o
                                                  c:/winavr-20100110/bin/../lib/gcc/avr/4.3.3/../../../../avr/lib/avr5/crtm328.o
__vector_22                                       c:/winavr-20100110/bin/../lib/gcc/avr/4.3.3/../../../../avr/lib/avr5/crtm328.o
__vector_23                                       c:/winavr-20100110/bin/../lib/gcc/avr/4.3.3/../../../../avr/lib/avr5/crtm328.o
__vector_24                                       c:/winavr-20100110/bin/../lib/gcc/avr/4.3.3/../../../../avr/lib/avr5/crtm328.o
__vector_25                                       c:/winavr-20100110/bin/../lib/gcc/avr/4.3.3/../../../../avr/lib/avr5/crtm328.o
__vector_3                                        obj\Debug\main.o
                                                  c:/winavr-20100110/bin/../lib/gcc/avr/4.3.3/../../../../avr/lib/avr5/crtm328.o
__vector_4                                        c:/winavr-20100110/bin/../lib/gcc/avr/4.3.3/../../../../avr/lib/avr5/crtm328.o
__vector_5                                        c:/winavr-20100110/bin/../lib/gcc/avr/4.3.3/../../../../avr/lib/avr5/crtm328.o
__vector_6                                        c:/winavr-20100110/bin/../lib/gcc/avr/4.3.3/../../../../avr/lib/avr5/crtm328.o
__vector_7                                        c:/winavr-20100110/bin/../lib/gcc/avr/4.3.3/../../../../avr/lib/avr5/crtm328.o
__vector_8                                        c:/winavr-20100110/bin/../lib/gcc/avr/4.3.3/../../../../avr/lib/avr5/crtm328.o
__vector_9                                        c:/winavr-20100110/bin/../lib/gcc/avr/4.3.3/../../../../avr/lib/avr5/crtm328.o
__vector_default                                  c:/winavr-20100110/bin/../lib/gcc/avr/4.3.3/../../../../avr/lib/avr5/crtm328.o
__vectors                                         c:/winavr-20100110/bin/../lib/gcc/avr/4.3.3/../../../../avr/lib/avr5/crtm328.o
_exit                                             c:/winavr-20100110/bin/../lib/gcc/avr/4.3.3/avr5\libgcc.a(_exit.o)
exit                                              c:/winavr-20100110/bin/../lib/gcc/avr/4.3.3/avr5\libgcc.a(_exit.o)
                                                  c:/winavr-20100110/bin/../lib/gcc/avr/4.3.3/../../../../avr/lib/avr5/crtm328.o
get_temperature                                   obj\Debug\Act2TemperatureSensor.o
                                                  obj\Debug\main.o
initial_check                                     obj\Debug\Act1Initialcheck.o
                                                  obj\Debug\main.o
initialize_ADC                                    obj\Debug\Act2TemperatureSensor.o
                                                  obj\Debug\main.o
initialize_port_func1                             obj\Debug\Act1Initialcheck.o
initialize_timer1_pwm                             obj\Debug\Act3PWMoutput.o
                                                  obj\Debug\main.o
intialize_interrupt_func1                         obj\Debug\Act1Initialcheck.o
main                                              obj\Debug\main.o
                                                  c:/winavr-20100110/bin/../lib/gcc/avr/4.3.3/../../../../avr/lib/avr5/crtm328.o
